// Jest Snapshot v1, https://goo.gl/fbAQLP

exports[`Snapshot testing for consistent UI design Element builder does not change unexpectedly 1`] = `
<div
  class="shadow-lg p-4"
  id="phaser-game"
>
  <div
    class="canvas-sibling"
  />
  <canvas
    id="canvas"
  />
</div>
`;
